2026-05-14 00:41:15,456 - INFO - Arguments: Namespace(data_path='data/ptb-xl-1.0.3', output_dir='models', sampling_rate=100, window_size=2.5, window_stride=1.25, base_filters=64, dropout=0.2, batch_size=64, epochs=50, lr=0.001, weight_decay=0.0001, patience=10, num_workers=4, seed=42, resume=None)
2026-05-14 00:41:15,457 - INFO - Loading datasets...
2026-05-14 00:41:16,500 - INFO - Window size: 250 samples (2.5 s @ 100 Hz)
2026-05-14 00:41:16,754 - INFO - Model: 8739973 parameters
2026-05-14 00:41:16,759 - INFO - Class weights: tensor([0.4701, 0.7798, 1.1126, 1.7628, 8.0344], device='mps:0')
2026-05-14 00:41:19,341 - INFO - Starting training...
2026-05-14 00:41:19,341 - INFO - ============================================================
2026-05-14 00:41:19,341 - INFO - Epoch 1/50 | LRL: 0.001000
2026-05-14 00:41:19,341 - INFO - ============================================================
2026-05-14 00:44:20,872 - INFO - Train: Loss=1.8123 Acc=0.5261 F1=0.4581
2026-05-14 00:44:20,874 - INFO - Val:   Loss=1.3365 Acc=0.6671 F1=0.5264
2026-05-14 00:44:20,874 - INFO - Val F1 per-class: NORM=0.799, MI=0.597, STTC=0.479, CD=0.604, HYP=0.153
2026-05-14 00:44:20,876 - INFO - New best model! F1=0.5264
2026-05-14 00:44:21,269 - INFO - ============================================================
2026-05-14 00:44:21,269 - INFO - Epoch 2/50 | LRL: 0.001000
2026-05-14 00:44:21,269 - INFO - ============================================================
2026-05-14 00:47:29,294 - INFO - Train: Loss=1.0872 Acc=0.6170 F1=0.5412
2026-05-14 00:47:29,295 - INFO - Val:   Loss=1.0118 Acc=0.6621 F1=0.5604
2026-05-14 00:47:29,295 - INFO - Val F1 per-class: NORM=0.797, MI=0.553, STTC=0.648, CD=0.596, HYP=0.208
2026-05-14 00:47:29,295 - INFO - New best model! F1=0.5604
2026-05-14 00:47:29,642 - INFO - ============================================================
2026-05-14 00:47:29,642 - INFO - Epoch 3/50 | LRL: 0.001000
2026-05-14 00:47:29,642 - INFO - ============================================================
2026-05-14 00:50:40,051 - INFO - Train: Loss=0.9777 Acc=0.6455 F1=0.5689
2026-05-14 00:50:40,053 - INFO - Val:   Loss=0.9766 Acc=0.6782 F1=0.5952
2026-05-14 00:50:40,053 - INFO - Val F1 per-class: NORM=0.774, MI=0.650, STTC=0.665, CD=0.645, HYP=0.242
2026-05-14 00:50:40,053 - INFO - New best model! F1=0.5952
2026-05-14 00:50:40,412 - INFO - ============================================================
2026-05-14 00:50:40,412 - INFO - Epoch 4/50 | LRL: 0.001000
2026-05-14 00:50:40,412 - INFO - ============================================================
2026-05-14 00:53:56,698 - INFO - Train: Loss=0.9005 Acc=0.6700 F1=0.5907
2026-05-14 00:53:56,698 - INFO - Val:   Loss=0.9913 Acc=0.6840 F1=0.5910
2026-05-14 00:53:56,698 - INFO - Val F1 per-class: NORM=0.793, MI=0.675, STTC=0.640, CD=0.637, HYP=0.210
2026-05-14 00:53:56,848 - INFO - ============================================================
2026-05-14 00:53:56,848 - INFO - Epoch 5/50 | LRL: 0.001000
2026-05-14 00:53:56,848 - INFO - ============================================================
2026-05-14 00:57:17,278 - INFO - Train: Loss=0.8070 Acc=0.6990 F1=0.6200
2026-05-14 00:57:17,280 - INFO - Val:   Loss=0.9655 Acc=0.6733 F1=0.5827
2026-05-14 00:57:17,280 - INFO - Val F1 per-class: NORM=0.788, MI=0.674, STTC=0.627, CD=0.639, HYP=0.185
2026-05-14 00:57:50,335 - INFO - Voting F1 (val subset): acc=0.7000 f1=0.5801
2026-05-14 00:57:50,493 - INFO - ============================================================
2026-05-14 00:57:50,493 - INFO - Epoch 6/50 | LRL: 0.001000
2026-05-14 00:57:50,493 - INFO - ============================================================
2026-05-14 01:00:46,071 - INFO - Train: Loss=0.7588 Acc=0.7155 F1=0.6379
2026-05-14 01:00:46,072 - INFO - Val:   Loss=1.0147 Acc=0.6923 F1=0.6000
2026-05-14 01:00:46,073 - INFO - Val F1 per-class: NORM=0.794, MI=0.672, STTC=0.664, CD=0.632, HYP=0.238
2026-05-14 01:00:46,073 - INFO - New best model! F1=0.6000
2026-05-14 01:00:46,402 - INFO - ============================================================
2026-05-14 01:00:46,402 - INFO - Epoch 7/50 | LRL: 0.001000
2026-05-14 01:00:46,402 - INFO - ============================================================
2026-05-14 01:04:03,192 - INFO - Train: Loss=0.7149 Acc=0.7292 F1=0.6529
2026-05-14 01:04:03,193 - INFO - Val:   Loss=0.9908 Acc=0.6643 F1=0.5883
2026-05-14 01:04:03,193 - INFO - Val F1 per-class: NORM=0.739, MI=0.713, STTC=0.656, CD=0.616, HYP=0.217
2026-05-14 01:04:03,367 - INFO - ============================================================
2026-05-14 01:04:03,367 - INFO - Epoch 8/50 | LRL: 0.001000
2026-05-14 01:04:03,367 - INFO - ============================================================
2026-05-14 01:07:27,526 - INFO - Train: Loss=0.6741 Acc=0.7419 F1=0.6679
2026-05-14 01:07:27,528 - INFO - Val:   Loss=1.2297 Acc=0.7082 F1=0.5986
2026-05-14 01:07:27,528 - INFO - Val F1 per-class: NORM=0.790, MI=0.720, STTC=0.669, CD=0.630, HYP=0.184
2026-05-14 01:07:27,712 - INFO - ============================================================
2026-05-14 01:07:27,712 - INFO - Epoch 9/50 | LRL: 0.001000
2026-05-14 01:07:27,712 - INFO - ============================================================
2026-05-14 01:10:45,929 - INFO - Train: Loss=0.6363 Acc=0.7529 F1=0.6834
2026-05-14 01:10:45,931 - INFO - Val:   Loss=1.1570 Acc=0.7127 F1=0.6120
2026-05-14 01:10:45,931 - INFO - Val F1 per-class: NORM=0.800, MI=0.730, STTC=0.668, CD=0.635, HYP=0.227
2026-05-14 01:10:45,931 - INFO - New best model! F1=0.6120
2026-05-14 01:10:46,301 - INFO - ============================================================
2026-05-14 01:10:46,301 - INFO - Epoch 10/50 | LRL: 0.001000
2026-05-14 01:10:46,301 - INFO - ============================================================
2026-05-14 01:14:05,340 - INFO - Train: Loss=0.5947 Acc=0.7664 F1=0.7003
2026-05-14 01:14:05,342 - INFO - Val:   Loss=1.2709 Acc=0.7174 F1=0.6097
2026-05-14 01:14:05,342 - INFO - Val F1 per-class: NORM=0.813, MI=0.708, STTC=0.673, CD=0.636, HYP=0.219
2026-05-14 01:14:38,291 - INFO - Voting F1 (val subset): acc=0.8050 f1=0.7018
2026-05-14 01:14:38,463 - INFO - ============================================================
2026-05-14 01:14:38,463 - INFO - Epoch 11/50 | LRL: 0.001000
2026-05-14 01:14:38,463 - INFO - ============================================================
2026-05-14 01:17:37,016 - INFO - Train: Loss=0.5612 Acc=0.7780 F1=0.7166
2026-05-14 01:17:37,018 - INFO - Val:   Loss=1.2987 Acc=0.7371 F1=0.6110
2026-05-14 01:17:37,018 - INFO - Val F1 per-class: NORM=0.834, MI=0.724, STTC=0.670, CD=0.625, HYP=0.202
2026-05-14 01:17:37,222 - INFO - ============================================================
2026-05-14 01:17:37,222 - INFO - Epoch 12/50 | LRL: 0.001000
2026-05-14 01:17:37,222 - INFO - ============================================================
2026-05-14 01:21:06,421 - INFO - Train: Loss=0.5195 Acc=0.7897 F1=0.7326
2026-05-14 01:21:06,423 - INFO - Val:   Loss=1.3666 Acc=0.7038 F1=0.6092
2026-05-14 01:21:06,423 - INFO - Val F1 per-class: NORM=0.801, MI=0.695, STTC=0.664, CD=0.614, HYP=0.272
2026-05-14 01:21:06,633 - INFO - ============================================================
2026-05-14 01:21:06,633 - INFO - Epoch 13/50 | LRL: 0.001000
2026-05-14 01:21:06,633 - INFO - ============================================================
2026-05-14 01:24:28,168 - INFO - Train: Loss=0.4949 Acc=0.7984 F1=0.7439
2026-05-14 01:24:28,169 - INFO - Val:   Loss=1.5575 Acc=0.7110 F1=0.5992
2026-05-14 01:24:28,169 - INFO - Val F1 per-class: NORM=0.812, MI=0.680, STTC=0.662, CD=0.636, HYP=0.206
2026-05-14 01:24:28,365 - INFO - ============================================================
2026-05-14 01:24:28,365 - INFO - Epoch 14/50 | LRL: 0.001000
2026-05-14 01:24:28,365 - INFO - ============================================================
2026-05-14 01:27:47,004 - INFO - Train: Loss=0.4626 Acc=0.8082 F1=0.7578
2026-05-14 01:27:47,006 - INFO - Val:   Loss=1.5024 Acc=0.7231 F1=0.6124
2026-05-14 01:27:47,006 - INFO - Val F1 per-class: NORM=0.811, MI=0.723, STTC=0.667, CD=0.648, HYP=0.213
2026-05-14 01:27:47,006 - INFO - New best model! F1=0.6124
2026-05-14 01:27:47,358 - INFO - ============================================================
2026-05-14 01:27:47,358 - INFO - Epoch 15/50 | LRL: 0.001000
2026-05-14 01:27:47,358 - INFO - ============================================================
2026-05-14 01:31:19,661 - INFO - Train: Loss=0.4301 Acc=0.8187 F1=0.7745
2026-05-14 01:31:19,662 - INFO - Val:   Loss=1.6176 Acc=0.7198 F1=0.6084
2026-05-14 01:31:19,662 - INFO - Val F1 per-class: NORM=0.811, MI=0.709, STTC=0.661, CD=0.649, HYP=0.212
2026-05-14 01:31:53,375 - INFO - Voting F1 (val subset): acc=0.7450 f1=0.6175
2026-05-14 01:31:53,545 - INFO - ============================================================
2026-05-14 01:31:53,545 - INFO - Epoch 16/50 | LRL: 0.001000
2026-05-14 01:31:53,545 - INFO - ============================================================
2026-05-14 01:34:46,222 - INFO - Train: Loss=0.4130 Acc=0.8293 F1=0.7879
2026-05-14 01:34:46,223 - INFO - Val:   Loss=1.7229 Acc=0.7196 F1=0.6049
2026-05-14 01:34:46,224 - INFO - Val F1 per-class: NORM=0.809, MI=0.710, STTC=0.672, CD=0.631, HYP=0.202
2026-05-14 01:34:46,439 - INFO - ============================================================
2026-05-14 01:34:46,439 - INFO - Epoch 17/50 | LRL: 0.001000
2026-05-14 01:34:46,439 - INFO - ============================================================
2026-05-14 01:38:04,060 - INFO - Train: Loss=0.3877 Acc=0.8371 F1=0.7972
2026-05-14 01:38:04,062 - INFO - Val:   Loss=1.8562 Acc=0.7189 F1=0.6068
2026-05-14 01:38:04,062 - INFO - Val F1 per-class: NORM=0.805, MI=0.718, STTC=0.674, CD=0.638, HYP=0.198
2026-05-14 01:38:04,252 - INFO - ============================================================
2026-05-14 01:38:04,252 - INFO - Epoch 18/50 | LRL: 0.001000
2026-05-14 01:38:04,252 - INFO - ============================================================
2026-05-14 01:41:00,732 - INFO - Train: Loss=0.3744 Acc=0.8420 F1=0.8049
2026-05-14 01:41:00,733 - INFO - Val:   Loss=1.8069 Acc=0.7151 F1=0.6069
2026-05-14 01:41:00,733 - INFO - Val F1 per-class: NORM=0.817, MI=0.686, STTC=0.658, CD=0.634, HYP=0.239
2026-05-14 01:41:00,907 - INFO - ============================================================
2026-05-14 01:41:00,907 - INFO - Epoch 19/50 | LRL: 0.001000
2026-05-14 01:41:00,907 - INFO - ============================================================
2026-05-14 01:44:09,798 - INFO - Train: Loss=0.3490 Acc=0.8505 F1=0.8160
2026-05-14 01:44:09,800 - INFO - Val:   Loss=2.3286 Acc=0.7230 F1=0.5911
2026-05-14 01:44:09,800 - INFO - Val F1 per-class: NORM=0.824, MI=0.694, STTC=0.665, CD=0.633, HYP=0.139
2026-05-14 01:44:10,000 - INFO - ============================================================
2026-05-14 01:44:10,000 - INFO - Epoch 20/50 | LRL: 0.001000
2026-05-14 01:44:10,000 - INFO - ============================================================
2026-05-14 01:47:10,279 - INFO - Train: Loss=0.3378 Acc=0.8605 F1=0.8282
2026-05-14 01:47:10,280 - INFO - Val:   Loss=1.9494 Acc=0.7175 F1=0.6030
2026-05-14 01:47:10,280 - INFO - Val F1 per-class: NORM=0.815, MI=0.698, STTC=0.664, CD=0.622, HYP=0.216
2026-05-14 01:47:43,614 - INFO - Voting F1 (val subset): acc=0.7850 f1=0.6828
2026-05-14 01:47:43,778 - INFO - ============================================================
2026-05-14 01:47:43,778 - INFO - Epoch 21/50 | LRL: 0.000500
2026-05-14 01:47:43,778 - INFO - ============================================================
2026-05-14 01:50:36,316 - INFO - Train: Loss=0.2669 Acc=0.8853 F1=0.8625
2026-05-14 01:50:36,317 - INFO - Val:   Loss=2.2295 Acc=0.7268 F1=0.6082
2026-05-14 01:50:36,317 - INFO - Val F1 per-class: NORM=0.823, MI=0.709, STTC=0.655, CD=0.631, HYP=0.223
2026-05-14 01:50:36,488 - INFO - ============================================================
2026-05-14 01:50:36,489 - INFO - Epoch 22/50 | LRL: 0.000500
2026-05-14 01:50:36,489 - INFO - ============================================================
2026-05-14 01:53:47,133 - INFO - Train: Loss=0.2412 Acc=0.8946 F1=0.8755
2026-05-14 01:53:47,135 - INFO - Val:   Loss=2.4544 Acc=0.7289 F1=0.6008
2026-05-14 01:53:47,135 - INFO - Val F1 per-class: NORM=0.825, MI=0.705, STTC=0.655, CD=0.644, HYP=0.175
2026-05-14 01:53:47,319 - INFO - ============================================================
2026-05-14 01:53:47,319 - INFO - Epoch 23/50 | LRL: 0.000500
2026-05-14 01:53:47,319 - INFO - ============================================================
2026-05-14 01:56:52,670 - INFO - Train: Loss=0.2322 Acc=0.9008 F1=0.8828
2026-05-14 01:56:52,672 - INFO - Val:   Loss=2.4380 Acc=0.7225 F1=0.6043
2026-05-14 01:56:52,672 - INFO - Val F1 per-class: NORM=0.817, MI=0.696, STTC=0.659, CD=0.644, HYP=0.204
2026-05-14 01:56:52,844 - INFO - ============================================================
2026-05-14 01:56:52,844 - INFO - Epoch 24/50 | LRL: 0.000500
2026-05-14 01:56:52,844 - INFO - ============================================================
2026-05-14 01:59:58,912 - INFO - Train: Loss=0.2191 Acc=0.9055 F1=0.8872
2026-05-14 01:59:58,914 - INFO - Val:   Loss=2.4620 Acc=0.7252 F1=0.6039
2026-05-14 01:59:58,914 - INFO - Val F1 per-class: NORM=0.820, MI=0.714, STTC=0.643, CD=0.640, HYP=0.202
2026-05-14 01:59:59,128 - INFO - Early stopping triggered after 24 epochs
2026-05-14 01:59:59,128 - INFO - ============================================================
2026-05-14 01:59:59,129 - INFO - TEST SET EVALUATION
2026-05-14 01:59:59,129 - INFO - ============================================================
2026-05-14 02:00:28,604 - INFO - Per-window metrics:
accuracy: 0.7156
precision_macro: 0.5799
recall_macro: 0.5940
f1_macro: 0.5856
f1_weighted: 0.7191
f1_NORM: 0.8123
f1_MI: 0.7169
f1_STTC: 0.6658
f1_CD: 0.6036
f1_HYP: 0.1292
loss: 1.5612
2026-05-14 02:00:55,354 - INFO - Voting metrics (per-record):
voting_accuracy: 0.7385
voting_f1_macro: 0.6059
total_records: 2157
2026-05-14 02:00:55,402 - INFO - Best model saved to: models/ecg_resnet1d.pt
2026-05-14 02:00:55,403 - INFO - Training complete!
